// Vitest Snapshot v1, https://vitest.dev/guide/snapshot.html

exports[`anthropicStreamMapper > real-world data snapshot > parses multiple-step-thinking-stream.txt and generates StreamChunks 1`] = `
[
  {
    "content": "message_start",
    "type": "event",
  },
  {
    "content": "content_block_start",
    "type": "event",
  },
  {
    "type": "thinking.start",
  },
  {
    "content": "content_block_delta",
    "type": "event",
  },
  {
    "content": "The user wants",
    "type": "thinking",
  },
  {
    "content": "ping",
    "type": "event",
  },
  {
    "content": "content_block_delta",
    "type": "event",
  },
  {
    "content": " me to:
1. Search for",
    "type": "thinking",
  },
  {
    "content": "content_block_delta",
    "type": "event",
  },
  {
    "content": " the",
    "type": "thinking",
  },
  {
    "content": "content_block_delta",
    "type": "event",
  },
  {
    "content": " capital of Canada -",
    "type": "thinking",
  },
  {
    "content": "content_block_delta",
    "type": "event",
  },
  {
    "content": " even",
    "type": "thinking",
  },
  {
    "content": "content_block_delta",
    "type": "event",
  },
  {
    "content": " though this",
    "type": "thinking",
  },
  {
    "content": "content_block_delta",
    "type": "event",
  },
  {
    "content": " is stable",
    "type": "thinking",
  },
  {
    "content": "content_block_delta",
    "type": "event",
  },
  {
    "content": " knowledge",
    "type": "thinking",
  },
  {
    "content": "content_block_delta",
    "type": "event",
  },
  {
    "content": " I",
    "type": "thinking",
  },
  {
    "content": "content_block_delta",
    "type": "event",
  },
  {
    "content": " already",
    "type": "thinking",
  },
  {
    "content": "content_block_delta",
    "type": "event",
  },
  {
    "content": " have, they",
    "type": "thinking",
  },
  {
    "content": "content_block_delta",
    "type": "event",
  },
  {
    "content": " specifically ask",
    "type": "thinking",
  },
  {
    "content": "content_block_delta",
    "type": "event",
  },
  {
    "content": " me to search "solely, without depending",
    "type": "thinking",
  },
  {
    "content": "content_block_delta",
    "type": "event",
  },
  {
    "content": " on established knowledge"",
    "type": "thinking",
  },
  {
    "content": "content_block_delta",
    "type": "event",
  },
  {
    "content": "
2. Search",
    "type": "thinking",
  },
  {
    "content": "content_block_delta",
    "type": "event",
  },
  {
    "content": " for the",
    "type": "thinking",
  },
  {
    "content": "content_block_delta",
    "type": "event",
  },
  {
    "content": " weather there",
    "type": "thinking",
  },
  {
    "content": "content_block_delta",
    "type": "event",
  },
  {
    "content": " tomorrow",
    "type": "thinking",
  },
  {
    "content": "content_block_delta",
    "type": "event",
  },
  {
    "content": "
3. Comment",
    "type": "thinking",
  },
  {
    "content": "content_block_delta",
    "type": "event",
  },
  {
    "content": " on the request first",
    "type": "thinking",
  },
  {
    "content": "content_block_delta",
    "type": "event",
  },
  {
    "content": "
4. Do the searches",
    "type": "thinking",
  },
  {
    "content": "content_block_delta",
    "type": "event",
  },
  {
    "content": "
5. Show the results of each",
    "type": "thinking",
  },
  {
    "content": "content_block_delta",
    "type": "event",
  },
  {
    "content": " step

The user wants to",
    "type": "thinking",
  },
  {
    "content": "content_block_delta",
    "type": "event",
  },
  {
    "content": " test how multiple",
    "type": "thinking",
  },
  {
    "content": "content_block_delta",
    "type": "event",
  },
  {
    "content": " step tool calls work an",
    "type": "thinking",
  },
  {
    "content": "content_block_delta",
    "type": "event",
  },
  {
    "content": "d says",
    "type": "thinking",
  },
  {
    "content": "content_block_delta",
    "type": "event",
  },
  {
    "content": " not",
    "type": "thinking",
  },
  {
    "content": "content_block_delta",
    "type": "event",
  },
  {
    "content": " to take shortcuts",
    "type": "thinking",
  },
  {
    "content": "content_block_delta",
    "type": "event",
  },
  {
    "content": ". So",
    "type": "thinking",
  },
  {
    "content": "content_block_delta",
    "type": "event",
  },
  {
    "content": " I should:
1. First",
    "type": "thinking",
  },
  {
    "content": "content_block_delta",
    "type": "event",
  },
  {
    "content": " comment on the request
2. Make",
    "type": "thinking",
  },
  {
    "content": "content_block_delta",
    "type": "event",
  },
  {
    "content": " the first",
    "type": "thinking",
  },
  {
    "content": "content_block_delta",
    "type": "event",
  },
  {
    "content": " search for",
    "type": "thinking",
  },
  {
    "content": "content_block_delta",
    "type": "event",
  },
  {
    "content": " Canada",
    "type": "thinking",
  },
  {
    "content": "content_block_delta",
    "type": "event",
  },
  {
    "content": "'s capital
3. Show",
    "type": "thinking",
  },
  {
    "content": "content_block_delta",
    "type": "event",
  },
  {
    "content": " that",
    "type": "thinking",
  },
  {
    "content": "content_block_delta",
    "type": "event",
  },
  {
    "content": " result",
    "type": "thinking",
  },
  {
    "content": "content_block_delta",
    "type": "event",
  },
  {
    "content": "
4. Then",
    "type": "thinking",
  },
  {
    "content": "content_block_delta",
    "type": "event",
  },
  {
    "content": " make",
    "type": "thinking",
  },
  {
    "content": "content_block_delta",
    "type": "event",
  },
  {
    "content": " the second search for the",
    "type": "thinking",
  },
  {
    "content": "content_block_delta",
    "type": "event",
  },
  {
    "content": " weather there",
    "type": "thinking",
  },
  {
    "content": "content_block_delta",
    "type": "event",
  },
  {
    "content": " tomorrow
5. Show that result",
    "type": "thinking",
  },
  {
    "content": "content_block_delta",
    "type": "event",
  },
  {
    "content": "

Let me start by",
    "type": "thinking",
  },
  {
    "content": "content_block_delta",
    "type": "event",
  },
  {
    "content": " commenting on the request.",
    "type": "thinking",
  },
  {
    "content": "content_block_delta",
    "type": "event",
  },
  {
    "content": "",
    "type": "thinking",
  },
  {
    "content": "content_block_delta",
    "type": "event",
  },
  {
    "content": "content_block_stop",
    "type": "event",
  },
  {
    "type": "thinking.end",
  },
  {
    "content": "content_block_start",
    "type": "event",
  },
  {
    "type": "content.start",
  },
  {
    "content": "content_block_delta",
    "type": "event",
  },
  {
    "content": "## Step",
    "type": "content",
  },
  {
    "content": "content_block_delta",
    "type": "event",
  },
  {
    "content": " 1: Comment on the Request",
    "type": "content",
  },
  {
    "content": "content_block_delta",
    "type": "event",
  },
  {
    "content": "

You're asking me to search for",
    "type": "content",
  },
  {
    "content": "content_block_delta",
    "type": "event",
  },
  {
    "content": " information that",
    "type": "content",
  },
  {
    "content": "content_block_delta",
    "type": "event",
  },
  {
    "content": " typically",
    "type": "content",
  },
  {
    "content": "content_block_delta",
    "type": "event",
  },
  {
    "content": " falls",
    "type": "content",
  },
  {
    "content": "content_block_delta",
    "type": "event",
  },
  {
    "content": " into",
    "type": "content",
  },
  {
    "content": "content_block_delta",
    "type": "event",
  },
  {
    "content": " "",
    "type": "content",
  },
  {
    "content": "content_block_delta",
    "type": "event",
  },
  {
    "content": "stable",
    "type": "content",
  },
  {
    "content": "content_block_delta",
    "type": "event",
  },
  {
    "content": " knowledge" that doesn",
    "type": "content",
  },
  {
    "content": "content_block_delta",
    "type": "event",
  },
  {
    "content": "'t change",
    "type": "content",
  },
  {
    "content": "content_block_delta",
    "type": "event",
  },
  {
    "content": " (",
    "type": "content",
  },
  {
    "content": "content_block_delta",
    "type": "event",
  },
  {
    "content": "like the capital of Canada),",
    "type": "content",
  },
  {
    "content": "content_block_delta",
    "type": "event",
  },
  {
    "content": " which",
    "type": "content",
  },
  {
    "content": "content_block_delta",
    "type": "event",
  },
  {
    "content": " my",
    "type": "content",
  },
  {
    "content": "content_block_delta",
    "type": "event",
  },
  {
    "content": " training data woul",
    "type": "content",
  },
  {
    "content": "content_block_delta",
    "type": "event",
  },
  {
    "content": "d cover",
    "type": "content",
  },
  {
    "content": "content_block_delta",
    "type": "event",
  },
  {
    "content": ". However",
    "type": "content",
  },
  {
    "content": "content_block_delta",
    "type": "event",
  },
  {
    "content": ", you",
    "type": "content",
  },
  {
    "content": "content_block_delta",
    "type": "event",
  },
  {
    "content": "'re",
    "type": "content",
  },
  {
    "content": "content_block_delta",
    "type": "event",
  },
  {
    "content": " explicitly",
    "type": "content",
  },
  {
    "content": "content_block_delta",
    "type": "event",
  },
  {
    "content": " instruct",
    "type": "content",
  },
  {
    "content": "content_block_delta",
    "type": "event",
  },
  {
    "content": "ing me to search",
    "type": "content",
  },
  {
    "content": "content_block_delta",
    "type": "event",
  },
  {
    "content": " online",
    "type": "content",
  },
  {
    "content": "content_block_delta",
    "type": "event",
  },
  {
    "content": " an",
    "type": "content",
  },
  {
    "content": "content_block_delta",
    "type": "event",
  },
  {
    "content": "d not depen",
    "type": "content",
  },
  {
    "content": "content_block_delta",
    "type": "event",
  },
  {
    "content": "d on established knowledge, an",
    "type": "content",
  },
  {
    "content": "content_block_delta",
    "type": "event",
  },
  {
    "content": "d to demonstrate",
    "type": "content",
  },
  {
    "content": "content_block_delta",
    "type": "event",
  },
  {
    "content": " how I handle",
    "type": "content",
  },
  {
    "content": "content_block_delta",
    "type": "event",
  },
  {
    "content": " multi",
    "type": "content",
  },
  {
    "content": "content_block_delta",
    "type": "event",
  },
  {
    "content": "-step tool",
    "type": "content",
  },
  {
    "content": "content_block_delta",
    "type": "event",
  },
  {
    "content": " calls.",
    "type": "content",
  },
  {
    "content": "content_block_delta",
    "type": "event",
  },
  {
    "content": " I",
    "type": "content",
  },
  {
    "content": "content_block_delta",
    "type": "event",
  },
  {
    "content": "'ll respect",
    "type": "content",
  },
  {
    "content": "content_block_delta",
    "type": "event",
  },
  {
    "content": " your test",
    "type": "content",
  },
  {
    "content": "content_block_delta",
    "type": "event",
  },
  {
    "content": " scenario",
    "type": "content",
  },
  {
    "content": "content_block_delta",
    "type": "event",
  },
  {
    "content": " and search",
    "type": "content",
  },
  {
    "content": "content_block_delta",
    "type": "event",
  },
  {
    "content": " for both",
    "type": "content",
  },
  {
    "content": "content_block_delta",
    "type": "event",
  },
  {
    "content": " pieces",
    "type": "content",
  },
  {
    "content": "content_block_delta",
    "type": "event",
  },
  {
    "content": " of information separately",
    "type": "content",
  },
  {
    "content": "content_block_delta",
    "type": "event",
  },
  {
    "content": ",",
    "type": "content",
  },
  {
    "content": "content_block_delta",
    "type": "event",
  },
  {
    "content": " showing you",
    "type": "content",
  },
  {
    "content": "content_block_delta",
    "type": "event",
  },
  {
    "content": " the results of each step.

This",
    "type": "content",
  },
  {
    "content": "content_block_delta",
    "type": "event",
  },
  {
    "content": " is a good test because",
    "type": "content",
  },
  {
    "content": "content_block_delta",
    "type": "event",
  },
  {
    "content": ":",
    "type": "content",
  },
  {
    "content": "content_block_delta",
    "type": "event",
  },
  {
    "content": "
- The",
    "type": "content",
  },
  {
    "content": "content_block_delta",
    "type": "event",
  },
  {
    "content": " first",
    "type": "content",
  },
  {
    "content": "content_block_delta",
    "type": "event",
  },
  {
    "content": " search is straightforward fact",
    "type": "content",
  },
  {
    "content": "content_block_delta",
    "type": "event",
  },
  {
    "content": "ual lookup",
    "type": "content",
  },
  {
    "content": "content_block_delta",
    "type": "event",
  },
  {
    "content": "
- The second search depends",
    "type": "content",
  },
  {
    "content": "content_block_delta",
    "type": "event",
  },
  {
    "content": " on the result",
    "type": "content",
  },
  {
    "content": "content_block_delta",
    "type": "event",
  },
  {
    "content": " of",
    "type": "content",
  },
  {
    "content": "content_block_delta",
    "type": "event",
  },
  {
    "content": " the first search",
    "type": "content",
  },
  {
    "content": "content_block_delta",
    "type": "event",
  },
  {
    "content": "
- I'll",
    "type": "content",
  },
  {
    "content": "content_block_delta",
    "type": "event",
  },
  {
    "content": " nee",
    "type": "content",
  },
  {
    "content": "content_block_delta",
    "type": "event",
  },
  {
    "content": "d to wait",
    "type": "content",
  },
  {
    "content": "content_block_delta",
    "type": "event",
  },
  {
    "content": " for the first result",
    "type": "content",
  },
  {
    "content": "content_block_delta",
    "type": "event",
  },
  {
    "content": " before making the second search

## Step",
    "type": "content",
  },
  {
    "content": "content_block_delta",
    "type": "event",
  },
  {
    "content": " 2: Search",
    "type": "content",
  },
  {
    "content": "content_block_delta",
    "type": "event",
  },
  {
    "content": " for Canada's Capital

Let",
    "type": "content",
  },
  {
    "content": "content_block_delta",
    "type": "event",
  },
  {
    "content": " me search for the capital of Canada:",
    "type": "content",
  },
  {
    "content": "content_block_stop",
    "type": "event",
  },
  {
    "type": "content.end",
  },
  {
    "content": "content_block_start",
    "type": "event",
  },
  {
    "id": "srvtoolu_id1",
    "type": "web_search.start",
  },
  {
    "content": "content_block_delta",
    "type": "event",
  },
  {
    "content": "content_block_delta",
    "type": "event",
  },
  {
    "content": "content_block_delta",
    "type": "event",
  },
  {
    "content": "content_block_delta",
    "type": "event",
  },
  {
    "content": "content_block_delta",
    "type": "event",
  },
  {
    "content": "content_block_delta",
    "type": "event",
  },
  {
    "content": "content_block_stop",
    "type": "event",
  },
  {
    "id": "srvtoolu_id1",
    "query": "capital of Canada",
    "type": "web_search",
  },
  {
    "content": "content_block_start",
    "type": "event",
  },
  {
    "title": "Ottawa - Wikipedia",
    "tool_use_id": "srvtoolu_id1",
    "type": "web_search.result",
    "url": "https://en.wikipedia.org/wiki/Ottawa",
  },
  {
    "title": "Ottawa | History, Facts, Map, & Points of Interest | Britannica",
    "tool_use_id": "srvtoolu_id1",
    "type": "web_search.result",
    "url": "https://www.britannica.com/place/Ottawa",
  },
  {
    "title": "Ottawa - Capital of Canada | Adventures.com",
    "tool_use_id": "srvtoolu_id1",
    "type": "web_search.result",
    "url": "https://adventures.com/canada/attractions/cities-towns/ottawa/",
  },
  {
    "title": "Canada - Wikipedia",
    "tool_use_id": "srvtoolu_id1",
    "type": "web_search.result",
    "url": "https://en.wikipedia.org/wiki/Canada",
  },
  {
    "title": "Visiting Canada's capital - Canada.ca",
    "tool_use_id": "srvtoolu_id1",
    "type": "web_search.result",
    "url": "https://www.canada.ca/en/canadian-heritage/services/visitor-information/about.html",
  },
  {
    "title": "Provinces and Capitals - Region of Queens Municipality",
    "tool_use_id": "srvtoolu_id1",
    "type": "web_search.result",
    "url": "https://www.regionofqueens.com/provinces/",
  },
  {
    "title": "Capital of Canada: Why Ottawa?",
    "tool_use_id": "srvtoolu_id1",
    "type": "web_search.result",
    "url": "https://www.brightsparktravel.ca/blog/capital-of-canada",
  },
  {
    "title": "About Ottawa | Ottawa Tourism",
    "tool_use_id": "srvtoolu_id1",
    "type": "web_search.result",
    "url": "https://ottawatourism.ca/en/about-ottawa",
  },
  {
    "title": "What is the capital city of Canada? Is it Toronto, Montreal, Vancouver, or Victoria? - Quora",
    "tool_use_id": "srvtoolu_id1",
    "type": "web_search.result",
    "url": "https://www.quora.com/What-is-the-capital-city-of-Canada-Is-it-Toronto-Montreal-Vancouver-or-Victoria",
  },
  {
    "title": "The Capital Cities | Legislative Assembly of Ontario",
    "tool_use_id": "srvtoolu_id1",
    "type": "web_search.result",
    "url": "https://www.ola.org/en/visit-learn/teach-learn-play/about-ontario/capital-cities",
  },
  {
    "content": "content_block_stop",
    "type": "event",
  },
  {
    "content": "content_block_start",
    "type": "event",
  },
  {
    "type": "thinking.start",
  },
  {
    "content": "content_block_delta",
    "type": "event",
  },
  {
    "content": "Great! The",
    "type": "thinking",
  },
  {
    "content": "content_block_delta",
    "type": "event",
  },
  {
    "content": " search results clearly",
    "type": "thinking",
  },
  {
    "content": "content_block_delta",
    "type": "event",
  },
  {
    "content": " show that",
    "type": "thinking",
  },
  {
    "content": "content_block_delta",
    "type": "event",
  },
  {
    "content": " Ottawa is the",
    "type": "thinking",
  },
  {
    "content": "content_block_delta",
    "type": "event",
  },
  {
    "content": " capital of Canada. Now",
    "type": "thinking",
  },
  {
    "content": "content_block_delta",
    "type": "event",
  },
  {
    "content": " I nee",
    "type": "thinking",
  },
  {
    "content": "content_block_delta",
    "type": "event",
  },
  {
    "content": "d to search",
    "type": "thinking",
  },
  {
    "content": "content_block_delta",
    "type": "event",
  },
  {
    "content": " for the",
    "type": "thinking",
  },
  {
    "content": "content_block_delta",
    "type": "event",
  },
  {
    "content": " weather",
    "type": "thinking",
  },
  {
    "content": "content_block_delta",
    "type": "event",
  },
  {
    "content": " in",
    "type": "thinking",
  },
  {
    "content": "content_block_delta",
    "type": "event",
  },
  {
    "content": " Ottawa tomorrow",
    "type": "thinking",
  },
  {
    "content": "content_block_delta",
    "type": "event",
  },
  {
    "content": ".",
    "type": "thinking",
  },
  {
    "content": "content_block_delta",
    "type": "event",
  },
  {
    "content": " Today",
    "type": "thinking",
  },
  {
    "content": "content_block_delta",
    "type": "event",
  },
  {
    "content": "'s",
    "type": "thinking",
  },
  {
    "content": "content_block_delta",
    "type": "event",
  },
  {
    "content": " date is November",
    "type": "thinking",
  },
  {
    "content": "content_block_delta",
    "type": "event",
  },
  {
    "content": " 30",
    "type": "thinking",
  },
  {
    "content": "content_block_delta",
    "type": "event",
  },
  {
    "content": ", 2025",
    "type": "thinking",
  },
  {
    "content": "content_block_delta",
    "type": "event",
  },
  {
    "content": ", so tomorrow would be December 1",
    "type": "thinking",
  },
  {
    "content": "content_block_delta",
    "type": "event",
  },
  {
    "content": ", 2025.",
    "type": "thinking",
  },
  {
    "content": "content_block_delta",
    "type": "event",
  },
  {
    "content": "",
    "type": "thinking",
  },
  {
    "content": "content_block_delta",
    "type": "event",
  },
  {
    "content": "content_block_stop",
    "type": "event",
  },
  {
    "type": "thinking.end",
  },
  {
    "content": "content_block_start",
    "type": "event",
  },
  {
    "type": "content.start",
  },
  {
    "content": "content_block_delta",
    "type": "event",
  },
  {
    "content": "## Step",
    "type": "content",
  },
  {
    "content": "content_block_delta",
    "type": "event",
  },
  {
    "content": " ",
    "type": "content",
  },
  {
    "content": "content_block_delta",
    "type": "event",
  },
  {
    "content": "3",
    "type": "content",
  },
  {
    "content": "content_block_delta",
    "type": "event",
  },
  {
    "content": ": Result",
    "type": "content",
  },
  {
    "content": "content_block_delta",
    "type": "event",
  },
  {
    "content": " of",
    "type": "content",
  },
  {
    "content": "content_block_delta",
    "type": "event",
  },
  {
    "content": " First",
    "type": "content",
  },
  {
    "content": "content_block_delta",
    "type": "event",
  },
  {
    "content": " Search",
    "type": "content",
  },
  {
    "content": "content_block_delta",
    "type": "event",
  },
  {
    "content": "

Based on the search results, ",
    "type": "content",
  },
  {
    "content": "content_block_stop",
    "type": "event",
  },
  {
    "type": "content.end",
  },
  {
    "content": "content_block_start",
    "type": "event",
  },
  {
    "type": "content.start",
  },
  {
    "content": "content_block_delta",
    "type": "event",
  },
  {
    "citedText": "Ottawa is the capital city of Canada. ",
    "title": "Ottawa - Wikipedia",
    "type": "citation",
    "url": "https://en.wikipedia.org/wiki/Ottawa",
  },
  {
    "content": "content_block_delta",
    "type": "event",
  },
  {
    "content": "Ottawa is the capital city",
    "type": "content",
  },
  {
    "content": "content_block_delta",
    "type": "event",
  },
  {
    "content": " of Canada",
    "type": "content",
  },
  {
    "content": "content_block_stop",
    "type": "event",
  },
  {
    "type": "content.end",
  },
  {
    "content": "content_block_start",
    "type": "event",
  },
  {
    "type": "content.start",
  },
  {
    "content": "content_block_delta",
    "type": "event",
  },
  {
    "content": ". The search confirme",
    "type": "content",
  },
  {
    "content": "content_block_delta",
    "type": "event",
  },
  {
    "content": "d this",
    "type": "content",
  },
  {
    "content": "content_block_delta",
    "type": "event",
  },
  {
    "content": " through",
    "type": "content",
  },
  {
    "content": "content_block_delta",
    "type": "event",
  },
  {
    "content": " multiple reliable",
    "type": "content",
  },
  {
    "content": "content_block_delta",
    "type": "event",
  },
  {
    "content": " sources.",
    "type": "content",
  },
  {
    "content": "content_block_delta",
    "type": "event",
  },
  {
    "content": "

---",
    "type": "content",
  },
  {
    "content": "content_block_delta",
    "type": "event",
  },
  {
    "content": "

## Step 4: Search",
    "type": "content",
  },
  {
    "content": "content_block_delta",
    "type": "event",
  },
  {
    "content": " for Tomorrow",
    "type": "content",
  },
  {
    "content": "content_block_delta",
    "type": "event",
  },
  {
    "content": "'s Weather in Ottawa

Now",
    "type": "content",
  },
  {
    "content": "content_block_delta",
    "type": "event",
  },
  {
    "content": " that",
    "type": "content",
  },
  {
    "content": "content_block_delta",
    "type": "event",
  },
  {
    "content": " I know the",
    "type": "content",
  },
  {
    "content": "content_block_delta",
    "type": "event",
  },
  {
    "content": " capital is",
    "type": "content",
  },
  {
    "content": "content_block_delta",
    "type": "event",
  },
  {
    "content": " Ottawa, let",
    "type": "content",
  },
  {
    "content": "content_block_delta",
    "type": "event",
  },
  {
    "content": " me search for tomorrow's weather there",
    "type": "content",
  },
  {
    "content": "content_block_delta",
    "type": "event",
  },
  {
    "content": ":",
    "type": "content",
  },
  {
    "content": "content_block_stop",
    "type": "event",
  },
  {
    "type": "content.end",
  },
  {
    "content": "content_block_start",
    "type": "event",
  },
  {
    "id": "srvtoolu_id2",
    "type": "web_search.start",
  },
  {
    "content": "content_block_delta",
    "type": "event",
  },
  {
    "content": "content_block_delta",
    "type": "event",
  },
  {
    "content": "content_block_delta",
    "type": "event",
  },
  {
    "content": "content_block_delta",
    "type": "event",
  },
  {
    "content": "content_block_delta",
    "type": "event",
  },
  {
    "content": "content_block_delta",
    "type": "event",
  },
  {
    "content": "content_block_delta",
    "type": "event",
  },
  {
    "content": "content_block_delta",
    "type": "event",
  },
  {
    "content": "content_block_delta",
    "type": "event",
  },
  {
    "content": "content_block_stop",
    "type": "event",
  },
  {
    "id": "srvtoolu_id2",
    "query": "Ottawa weather tomorrow December 1",
    "type": "web_search",
  },
  {
    "content": "content_block_start",
    "type": "event",
  },
  {
    "title": "Ottawa, ON - 7 Day Forecast - Environment Canada",
    "tool_use_id": "srvtoolu_id2",
    "type": "web_search.result",
    "url": "https://weather.gc.ca/en/location/index.html?coords=45.403,-75.687",
  },
  {
    "title": "60-Day Extended Weather Forecast for Ottawa, ON | Almanac.com",
    "tool_use_id": "srvtoolu_id2",
    "type": "web_search.result",
    "url": "https://www.almanac.com/weather/longrange/on/Ottawa",
  },
  {
    "title": "Weather in Ottawa in December 2025 - Detailed Forecast",
    "tool_use_id": "srvtoolu_id2",
    "type": "web_search.result",
    "url": "https://www.easeweather.com/north-america/canada/ontario/ottawa/december",
  },
  {
    "title": "Weather Ottawa in December 2025: Temperature & Climate",
    "tool_use_id": "srvtoolu_id2",
    "type": "web_search.result",
    "url": "https://en.climate-data.org/north-america/canada/ontario/ottawa-56/t/december-12/",
  },
  {
    "title": "Ottawa, Ontario, Canada Monthly Weather | AccuWeather",
    "tool_use_id": "srvtoolu_id2",
    "type": "web_search.result",
    "url": "https://www.accuweather.com/en/ca/ottawa/k1p/december-weather/55487",
  },
  {
    "title": "Ottawa local weather (live): tomorrow, hourly weather",
    "tool_use_id": "srvtoolu_id2",
    "type": "web_search.result",
    "url": "https://www.weather25.com/north-america/canada/ontario/ottawa?page=tomorrow",
  },
  {
    "title": "Ottawa weather in December 2025 | Ottawa 14 day weather",
    "tool_use_id": "srvtoolu_id2",
    "type": "web_search.result",
    "url": "https://www.weather25.com/north-america/canada/ontario/ottawa?page=month&month=December",
  },
  {
    "title": "Ottawa, ON Current Weather - The Weather Network",
    "tool_use_id": "srvtoolu_id2",
    "type": "web_search.result",
    "url": "https://www.theweathernetwork.com/en/city/ca/ontario/ottawa/current",
  },
  {
    "title": "Ottawa weather in December 2025 | Ontario: How hot?",
    "tool_use_id": "srvtoolu_id2",
    "type": "web_search.result",
    "url": "https://www.weather2travel.com/ontario/ottawa/december/",
  },
  {
    "title": "December weather - Winter 2025 - Ottawa, Canada",
    "tool_use_id": "srvtoolu_id2",
    "type": "web_search.result",
    "url": "https://www.weather-atlas.com/en/canada/ottawa-weather-december",
  },
  {
    "content": "content_block_stop",
    "type": "event",
  },
  {
    "content": "content_block_start",
    "type": "event",
  },
  {
    "type": "thinking.start",
  },
  {
    "content": "content_block_delta",
    "type": "event",
  },
  {
    "content": "Perfect! I got",
    "type": "thinking",
  },
  {
    "content": "content_block_delta",
    "type": "event",
  },
  {
    "content": " weather",
    "type": "thinking",
  },
  {
    "content": "content_block_delta",
    "type": "event",
  },
  {
    "content": " information",
    "type": "thinking",
  },
  {
    "content": "content_block_delta",
    "type": "event",
  },
  {
    "content": " for tomorrow",
    "type": "thinking",
  },
  {
    "content": "content_block_delta",
    "type": "event",
  },
  {
    "content": " in Ottawa. The",
    "type": "thinking",
  },
  {
    "content": "content_block_delta",
    "type": "event",
  },
  {
    "content": " search results show:",
    "type": "thinking",
  },
  {
    "content": "content_block_delta",
    "type": "event",
  },
  {
    "content": "
- From",
    "type": "thinking",
  },
  {
    "content": "content_block_delta",
    "type": "event",
  },
  {
    "content": " weather",
    "type": "thinking",
  },
  {
    "content": "content_block_delta",
    "type": "event",
  },
  {
    "content": "25",
    "type": "thinking",
  },
  {
    "content": "content_block_delta",
    "type": "event",
  },
  {
    "content": ".com",
    "type": "thinking",
  },
  {
    "content": "content_block_delta",
    "type": "event",
  },
  {
    "content": ": The",
    "type": "thinking",
  },
  {
    "content": "content_block_delta",
    "type": "event",
  },
  {
    "content": " weather",
    "type": "thinking",
  },
  {
    "content": "content_block_delta",
    "type": "event",
  },
  {
    "content": " tomorrow",
    "type": "thinking",
  },
  {
    "content": "content_block_delta",
    "type": "event",
  },
  {
    "content": " will",
    "type": "thinking",
  },
  {
    "content": "content_block_delta",
    "type": "event",
  },
  {
    "content": " be freez",
    "type": "thinking",
  },
  {
    "content": "content_block_delta",
    "type": "event",
  },
  {
    "content": "ing col",
    "type": "thinking",
  },
  {
    "content": "content_block_delta",
    "type": "event",
  },
  {
    "content": "d with temperatures of",
    "type": "thinking",
  },
  {
    "content": "content_block_delta",
    "type": "event",
  },
  {
    "content": " ",
    "type": "thinking",
  },
  {
    "content": "content_block_delta",
    "type": "event",
  },
  {
    "content": "0°C during",
    "type": "thinking",
  },
  {
    "content": "content_block_delta",
    "type": "event",
  },
  {
    "content": " the day time",
    "type": "thinking",
  },
  {
    "content": "content_block_delta",
    "type": "event",
  },
  {
    "content": ",",
    "type": "thinking",
  },
  {
    "content": "content_block_delta",
    "type": "event",
  },
  {
    "content": " dropping",
    "type": "thinking",
  },
  {
    "content": "content_block_delta",
    "type": "event",
  },
  {
    "content": " to -3",
    "type": "thinking",
  },
  {
    "content": "content_block_delta",
    "type": "event",
  },
  {
    "content": "°C at night.",
    "type": "thinking",
  },
  {
    "content": "content_block_delta",
    "type": "event",
  },
  {
    "content": " Mostly",
    "type": "thinking",
  },
  {
    "content": "content_block_delta",
    "type": "event",
  },
  {
    "content": " over",
    "type": "thinking",
  },
  {
    "content": "content_block_delta",
    "type": "event",
  },
  {
    "content": "cast.",
    "type": "thinking",
  },
  {
    "content": "content_block_delta",
    "type": "event",
  },
  {
    "content": " 0",
    "type": "thinking",
  },
  {
    "content": "content_block_delta",
    "type": "event",
  },
  {
    "content": "%",
    "type": "thinking",
  },
  {
    "content": "content_block_delta",
    "type": "event",
  },
  {
    "content": " chance of rain.",
    "type": "thinking",
  },
  {
    "content": "content_block_delta",
    "type": "event",
  },
  {
    "content": " Winds ",
    "type": "thinking",
  },
  {
    "content": "content_block_delta",
    "type": "event",
  },
  {
    "content": "22",
    "type": "thinking",
  },
  {
    "content": "content_block_delta",
    "type": "event",
  },
  {
    "content": "-27",
    "type": "thinking",
  },
  {
    "content": "content_block_delta",
    "type": "event",
  },
  {
    "content": " ",
    "type": "thinking",
  },
  {
    "content": "content_block_delta",
    "type": "event",
  },
  {
    "content": "Km/h.",
    "type": "thinking",
  },
  {
    "content": "content_block_delta",
    "type": "event",
  },
  {
    "content": " 6",
    "type": "thinking",
  },
  {
    "content": "content_block_delta",
    "type": "event",
  },
  {
    "content": ".",
    "type": "thinking",
  },
  {
    "content": "content_block_delta",
    "type": "event",
  },
  {
    "content": "8 hours of sun",
    "type": "thinking",
  },
  {
    "content": "content_block_delta",
    "type": "event",
  },
  {
    "content": ".",
    "type": "thinking",
  },
  {
    "content": "content_block_delta",
    "type": "event",
  },
  {
    "content": " Sunrise at 07",
    "type": "thinking",
  },
  {
    "content": "content_block_delta",
    "type": "event",
  },
  {
    "content": ":05",
    "type": "thinking",
  },
  {
    "content": "content_block_delta",
    "type": "event",
  },
  {
    "content": ",",
    "type": "thinking",
  },
  {
    "content": "content_block_delta",
    "type": "event",
  },
  {
    "content": " sunset at 16",
    "type": "thinking",
  },
  {
    "content": "content_block_delta",
    "type": "event",
  },
  {
    "content": ":30",
    "type": "thinking",
  },
  {
    "content": "content_block_delta",
    "type": "event",
  },
  {
    "content": ".",
    "type": "thinking",
  },
  {
    "content": "content_block_delta",
    "type": "event",
  },
  {
    "content": "

So",
    "type": "thinking",
  },
  {
    "content": "content_block_delta",
    "type": "event",
  },
  {
    "content": " I",
    "type": "thinking",
  },
  {
    "content": "content_block_delta",
    "type": "event",
  },
  {
    "content": " have the information I need.",
    "type": "thinking",
  },
  {
    "content": "content_block_delta",
    "type": "event",
  },
  {
    "content": " Now let",
    "type": "thinking",
  },
  {
    "content": "content_block_delta",
    "type": "event",
  },
  {
    "content": " me present",
    "type": "thinking",
  },
  {
    "content": "content_block_delta",
    "type": "event",
  },
  {
    "content": " the results",
    "type": "thinking",
  },
  {
    "content": "content_block_delta",
    "type": "event",
  },
  {
    "content": " clearly.",
    "type": "thinking",
  },
  {
    "content": "content_block_delta",
    "type": "event",
  },
  {
    "content": "",
    "type": "thinking",
  },
  {
    "content": "content_block_delta",
    "type": "event",
  },
  {
    "content": "content_block_stop",
    "type": "event",
  },
  {
    "type": "thinking.end",
  },
  {
    "content": "content_block_start",
    "type": "event",
  },
  {
    "type": "content.start",
  },
  {
    "content": "content_block_delta",
    "type": "event",
  },
  {
    "content": "## Step",
    "type": "content",
  },
  {
    "content": "content_block_delta",
    "type": "event",
  },
  {
    "content": " ",
    "type": "content",
  },
  {
    "content": "content_block_delta",
    "type": "event",
  },
  {
    "content": "5",
    "type": "content",
  },
  {
    "content": "content_block_delta",
    "type": "event",
  },
  {
    "content": ": Result",
    "type": "content",
  },
  {
    "content": "content_block_delta",
    "type": "event",
  },
  {
    "content": " of",
    "type": "content",
  },
  {
    "content": "content_block_delta",
    "type": "event",
  },
  {
    "content": " Secon",
    "type": "content",
  },
  {
    "content": "content_block_delta",
    "type": "event",
  },
  {
    "content": "d Search",
    "type": "content",
  },
  {
    "content": "content_block_delta",
    "type": "event",
  },
  {
    "content": "

For",
    "type": "content",
  },
  {
    "content": "content_block_delta",
    "type": "event",
  },
  {
    "content": " tomorrow",
    "type": "content",
  },
  {
    "content": "content_block_delta",
    "type": "event",
  },
  {
    "content": "'s weather (",
    "type": "content",
  },
  {
    "content": "content_block_delta",
    "type": "event",
  },
  {
    "content": "December",
    "type": "content",
  },
  {
    "content": "content_block_delta",
    "type": "event",
  },
  {
    "content": " 1",
    "type": "content",
  },
  {
    "content": "content_block_delta",
    "type": "event",
  },
  {
    "content": ", 2025",
    "type": "content",
  },
  {
    "content": "content_block_delta",
    "type": "event",
  },
  {
    "content": ")",
    "type": "content",
  },
  {
    "content": "content_block_delta",
    "type": "event",
  },
  {
    "content": " in Ottawa:",
    "type": "content",
  },
  {
    "content": "content_block_delta",
    "type": "event",
  },
  {
    "content": "

",
    "type": "content",
  },
  {
    "content": "content_block_stop",
    "type": "event",
  },
  {
    "type": "content.end",
  },
  {
    "content": "content_block_start",
    "type": "event",
  },
  {
    "type": "content.start",
  },
  {
    "content": "content_block_delta",
    "type": "event",
  },
  {
    "citedText": "The weather tomorrow in Ottawa will be freezing cold with temperatures of 0°C during the day time. During the evening and night time the temperatures ...",
    "title": "Ottawa local weather (live): tomorrow, hourly weather",
    "type": "citation",
    "url": "https://www.weather25.com/north-america/canada/ontario/ottawa?page=tomorrow",
  },
  {
    "content": "content_block_delta",
    "type": "event",
  },
  {
    "content": "The weather tomorrow in",
    "type": "content",
  },
  {
    "content": "content_block_delta",
    "type": "event",
  },
  {
    "content": " Ottawa will be freezing cold with temperatures",
    "type": "content",
  },
  {
    "content": "content_block_delta",
    "type": "event",
  },
  {
    "content": " of 0°C during the day",
    "type": "content",
  },
  {
    "content": "content_block_delta",
    "type": "event",
  },
  {
    "content": " time.",
    "type": "content",
  },
  {
    "content": "content_block_delta",
    "type": "event",
  },
  {
    "content": " During",
    "type": "content",
  },
  {
    "content": "content_block_delta",
    "type": "event",
  },
  {
    "content": " the evening",
    "type": "content",
  },
  {
    "content": "content_block_delta",
    "type": "event",
  },
  {
    "content": " an",
    "type": "content",
  },
  {
    "content": "content_block_delta",
    "type": "event",
  },
  {
    "content": "d night time",
    "type": "content",
  },
  {
    "content": "content_block_delta",
    "type": "event",
  },
  {
    "content": " the",
    "type": "content",
  },
  {
    "content": "content_block_delta",
    "type": "event",
  },
  {
    "content": " temperatures",
    "type": "content",
  },
  {
    "content": "content_block_delta",
    "type": "event",
  },
  {
    "content": " will drop to -3°C.",
    "type": "content",
  },
  {
    "content": "content_block_stop",
    "type": "event",
  },
  {
    "type": "content.end",
  },
  {
    "content": "content_block_start",
    "type": "event",
  },
  {
    "type": "content.start",
  },
  {
    "content": "content_block_delta",
    "type": "event",
  },
  {
    "content": " ",
    "type": "content",
  },
  {
    "content": "content_block_stop",
    "type": "event",
  },
  {
    "type": "content.end",
  },
  {
    "content": "content_block_start",
    "type": "event",
  },
  {
    "type": "content.start",
  },
  {
    "content": "content_block_delta",
    "type": "event",
  },
  {
    "citedText": "The wather forecast for tomorrow in Ottawa is mostly overcast. ",
    "title": "Ottawa local weather (live): tomorrow, hourly weather",
    "type": "citation",
    "url": "https://www.weather25.com/north-america/canada/ontario/ottawa?page=tomorrow",
  },
  {
    "content": "content_block_delta",
    "type": "event",
  },
  {
    "content": "The weather forecast",
    "type": "content",
  },
  {
    "content": "content_block_delta",
    "type": "event",
  },
  {
    "content": " for",
    "type": "content",
  },
  {
    "content": "content_block_delta",
    "type": "event",
  },
  {
    "content": " tomorrow in Ottawa is mostly",
    "type": "content",
  },
  {
    "content": "content_block_delta",
    "type": "event",
  },
  {
    "content": " overcast.",
    "type": "content",
  },
  {
    "content": "content_block_stop",
    "type": "event",
  },
  {
    "type": "content.end",
  },
  {
    "content": "content_block_start",
    "type": "event",
  },
  {
    "type": "content.start",
  },
  {
    "content": "content_block_delta",
    "type": "event",
  },
  {
    "content": " ",
    "type": "content",
  },
  {
    "content": "content_block_stop",
    "type": "event",
  },
  {
    "type": "content.end",
  },
  {
    "content": "content_block_start",
    "type": "event",
  },
  {
    "type": "content.start",
  },
  {
    "content": "content_block_delta",
    "type": "event",
  },
  {
    "citedText": "The wind will blow between 22 Km/h to 27 Km/h tomorrow in Ottawa. ",
    "title": "Ottawa local weather (live): tomorrow, hourly weather",
    "type": "citation",
    "url": "https://www.weather25.com/north-america/canada/ontario/ottawa?page=tomorrow",
  },
  {
    "content": "content_block_delta",
    "type": "event",
  },
  {
    "content": "The wind will blow",
    "type": "content",
  },
  {
    "content": "content_block_delta",
    "type": "event",
  },
  {
    "content": " between",
    "type": "content",
  },
  {
    "content": "content_block_delta",
    "type": "event",
  },
  {
    "content": " 22 ",
    "type": "content",
  },
  {
    "content": "content_block_delta",
    "type": "event",
  },
  {
    "content": "Km/h to",
    "type": "content",
  },
  {
    "content": "content_block_delta",
    "type": "event",
  },
  {
    "content": " 27 Km/h tomorrow",
    "type": "content",
  },
  {
    "content": "content_block_delta",
    "type": "event",
  },
  {
    "content": " in",
    "type": "content",
  },
  {
    "content": "content_block_delta",
    "type": "event",
  },
  {
    "content": " Ottawa.",
    "type": "content",
  },
  {
    "content": "content_block_stop",
    "type": "event",
  },
  {
    "type": "content.end",
  },
  {
    "content": "content_block_start",
    "type": "event",
  },
  {
    "type": "content.start",
  },
  {
    "content": "content_block_delta",
    "type": "event",
  },
  {
    "content": " Additionally, ",
    "type": "content",
  },
  {
    "content": "content_block_stop",
    "type": "event",
  },
  {
    "type": "content.end",
  },
  {
    "content": "content_block_start",
    "type": "event",
  },
  {
    "type": "content.start",
  },
  {
    "content": "content_block_delta",
    "type": "event",
  },
  {
    "citedText": "The chance of rain tomorrow in Ottawa is 0%. ",
    "title": "Ottawa local weather (live): tomorrow, hourly weather",
    "type": "citation",
    "url": "https://www.weather25.com/north-america/canada/ontario/ottawa?page=tomorrow",
  },
  {
    "content": "content_block_delta",
    "type": "event",
  },
  {
    "content": "the chance of rain tomorrow",
    "type": "content",
  },
  {
    "content": "content_block_delta",
    "type": "event",
  },
  {
    "content": " in",
    "type": "content",
  },
  {
    "content": "content_block_delta",
    "type": "event",
  },
  {
    "content": " Ottawa is 0%.",
    "type": "content",
  },
  {
    "content": "content_block_stop",
    "type": "event",
  },
  {
    "type": "content.end",
  },
  {
    "content": "content_block_start",
    "type": "event",
  },
  {
    "type": "content.start",
  },
  {
    "content": "content_block_delta",
    "type": "event",
  },
  {
    "content": "

---

## Summary

This",
    "type": "content",
  },
  {
    "content": "content_block_delta",
    "type": "event",
  },
  {
    "content": " test",
    "type": "content",
  },
  {
    "content": "content_block_delta",
    "type": "event",
  },
  {
    "content": " demonstrate",
    "type": "content",
  },
  {
    "content": "content_block_delta",
    "type": "event",
  },
  {
    "content": "d the multi",
    "type": "content",
  },
  {
    "content": "content_block_delta",
    "type": "event",
  },
  {
    "content": "-step tool",
    "type": "content",
  },
  {
    "content": "content_block_delta",
    "type": "event",
  },
  {
    "content": " call",
    "type": "content",
  },
  {
    "content": "content_block_delta",
    "type": "event",
  },
  {
    "content": " workflow",
    "type": "content",
  },
  {
    "content": "content_block_delta",
    "type": "event",
  },
  {
    "content": ":",
    "type": "content",
  },
  {
    "content": "content_block_delta",
    "type": "event",
  },
  {
    "content": "

1. **Initial",
    "type": "content",
  },
  {
    "content": "content_block_delta",
    "type": "event",
  },
  {
    "content": " Request",
    "type": "content",
  },
  {
    "content": "content_block_delta",
    "type": "event",
  },
  {
    "content": ":**",
    "type": "content",
  },
  {
    "content": "content_block_delta",
    "type": "event",
  },
  {
    "content": " Search for Canada",
    "type": "content",
  },
  {
    "content": "content_block_delta",
    "type": "event",
  },
  {
    "content": "'s capital",
    "type": "content",
  },
  {
    "content": "content_block_delta",
    "type": "event",
  },
  {
    "content": " without",
    "type": "content",
  },
  {
    "content": "content_block_delta",
    "type": "event",
  },
  {
    "content": " rel",
    "type": "content",
  },
  {
    "content": "content_block_delta",
    "type": "event",
  },
  {
    "content": "ying on establishe",
    "type": "content",
  },
  {
    "content": "content_block_delta",
    "type": "event",
  },
  {
    "content": "d knowledge",
    "type": "content",
  },
  {
    "content": "content_block_delta",
    "type": "event",
  },
  {
    "content": "
2. **First",
    "type": "content",
  },
  {
    "content": "content_block_delta",
    "type": "event",
  },
  {
    "content": " Search:** Retrieved that",
    "type": "content",
  },
  {
    "content": "content_block_delta",
    "type": "event",
  },
  {
    "content": " ",
    "type": "content",
  },
  {
    "content": "content_block_stop",
    "type": "event",
  },
  {
    "type": "content.end",
  },
  {
    "content": "content_block_start",
    "type": "event",
  },
  {
    "type": "content.start",
  },
  {
    "content": "content_block_delta",
    "type": "event",
  },
  {
    "citedText": "Ottawa is the capital city of Canada. ",
    "title": "Ottawa - Wikipedia",
    "type": "citation",
    "url": "https://en.wikipedia.org/wiki/Ottawa",
  },
  {
    "content": "content_block_delta",
    "type": "event",
  },
  {
    "content": "Ottawa is the capital city of Canada",
    "type": "content",
  },
  {
    "content": "content_block_stop",
    "type": "event",
  },
  {
    "type": "content.end",
  },
  {
    "content": "content_block_start",
    "type": "event",
  },
  {
    "type": "content.start",
  },
  {
    "content": "content_block_delta",
    "type": "event",
  },
  {
    "content": "
3. **Second Search:** Base",
    "type": "content",
  },
  {
    "content": "content_block_delta",
    "type": "event",
  },
  {
    "content": "d on that result",
    "type": "content",
  },
  {
    "content": "content_block_delta",
    "type": "event",
  },
  {
    "content": ", searched for tomorrow",
    "type": "content",
  },
  {
    "content": "content_block_delta",
    "type": "event",
  },
  {
    "content": "'s weather in Ottawa specifically",
    "type": "content",
  },
  {
    "content": "content_block_delta",
    "type": "event",
  },
  {
    "content": "
4. **Final",
    "type": "content",
  },
  {
    "content": "content_block_delta",
    "type": "event",
  },
  {
    "content": " Result",
    "type": "content",
  },
  {
    "content": "content_block_delta",
    "type": "event",
  },
  {
    "content": ":**",
    "type": "content",
  },
  {
    "content": "content_block_delta",
    "type": "event",
  },
  {
    "content": " Provide",
    "type": "content",
  },
  {
    "content": "content_block_delta",
    "type": "event",
  },
  {
    "content": "d detaile",
    "type": "content",
  },
  {
    "content": "content_block_delta",
    "type": "event",
  },
  {
    "content": "d weather information for December",
    "type": "content",
  },
  {
    "content": "content_block_delta",
    "type": "event",
  },
  {
    "content": " 1, 2025 in",
    "type": "content",
  },
  {
    "content": "content_block_delta",
    "type": "event",
  },
  {
    "content": " Ottawa

The process",
    "type": "content",
  },
  {
    "content": "content_block_delta",
    "type": "event",
  },
  {
    "content": " shows that the secon",
    "type": "content",
  },
  {
    "content": "content_block_delta",
    "type": "event",
  },
  {
    "content": "d search was dependent",
    "type": "content",
  },
  {
    "content": "content_block_delta",
    "type": "event",
  },
  {
    "content": " on the result",
    "type": "content",
  },
  {
    "content": "content_block_delta",
    "type": "event",
  },
  {
    "content": " of the first search, an",
    "type": "content",
  },
  {
    "content": "content_block_delta",
    "type": "event",
  },
  {
    "content": "d both",
    "type": "content",
  },
  {
    "content": "content_block_delta",
    "type": "event",
  },
  {
    "content": " searches were performed sequentially rather",
    "type": "content",
  },
  {
    "content": "content_block_delta",
    "type": "event",
  },
  {
    "content": " than in",
    "type": "content",
  },
  {
    "content": "content_block_delta",
    "type": "event",
  },
  {
    "content": " parallel.",
    "type": "content",
  },
  {
    "content": "content_block_stop",
    "type": "event",
  },
  {
    "type": "content.end",
  },
  {
    "content": "message_delta",
    "type": "event",
  },
  {
    "content": "message_stop",
    "type": "event",
  },
  {
    "cacheCreationTokens": 22668,
    "cacheReadTokens": 14518,
    "inputTokens": 3480,
    "outputTokens": 1049,
    "type": "token_usage",
  },
]
`;
